[ynaps.com/blog/index.html]
[backblue.gif]
[fade.gif]
[index.html]
[ynaps.com/blog/wp-content/cache/wpfc-minified/rxz245/a1bs3.js]
[ynaps.com/blog/index.html]
[ynaps.com/blog/wp-content/plugins/contact-form-7/images/ajax-loader.gif]
[ynaps.com/blog/wp-content/plugins/td-composer/td-multi-purpose/images/icons/multipurposec81e.eot]
[ynaps.com/blog/wp-content/cache/wpfc-minified/89lmjy61/a1bs3.css]
[ynaps.com/blog/wp-content/themes/Newspaper/images/icons/newspaperc74d.eot]
[ynaps.com/blog/wp-content/cache/wpfc-minified/foic0f5j/a1bs3.css]
[ynaps.com/blog/wp-content/plugins/td-composer/legacy/Newspaper/assets/images/sprite/elements.png]
[ynaps.com/blog/wp-content/plugins/td-composer/legacy/Newspaper/assets/images/icons/newspaper-iconsc4ca.eot]
[ynaps.com/blog/wp-content/plugins/td-composer/legacy/Newspaper/assets/images/sprite/elements@2x.png]
[ynaps.com/blog/wp-content/plugins/td-composer/legacy/Newspaper/assets/images/sprite/weather/clear-sky-d.png]
[ynaps.com/blog/wp-content/plugins/td-composer/legacy/Newspaper/assets/images/sprite/weather/clear-sky-n.png]
[ynaps.com/blog/wp-content/plugins/td-composer/legacy/Newspaper/assets/images/sprite/weather/few-clouds-d.png]
[ynaps.com/blog/wp-content/plugins/td-composer/legacy/Newspaper/assets/images/sprite/weather/few-clouds-n.png]
[ynaps.com/blog/wp-content/plugins/td-composer/legacy/Newspaper/assets/images/sprite/weather/scattered-clouds-d.png]
[ynaps.com/blog/wp-content/plugins/td-composer/legacy/Newspaper/assets/images/sprite/weather/scattered-clouds-n.png]
[ynaps.com/blog/wp-content/plugins/td-composer/legacy/Newspaper/assets/images/sprite/weather/broken-clouds-d.png]
[ynaps.com/blog/wp-content/plugins/td-composer/legacy/Newspaper/assets/images/sprite/weather/broken-clouds-n.png]
[ynaps.com/blog/wp-content/plugins/td-composer/legacy/Newspaper/assets/images/sprite/weather/shower-rain-d.png]
[ynaps.com/blog/wp-content/plugins/td-composer/legacy/Newspaper/assets/images/sprite/weather/shower-rain-n.png]
[ynaps.com/blog/wp-content/plugins/td-composer/legacy/Newspaper/assets/images/sprite/weather/rain-d.png]
[ynaps.com/blog/wp-content/plugins/td-composer/legacy/Newspaper/assets/images/sprite/weather/rain-n.png]
[ynaps.com/blog/wp-content/plugins/td-composer/legacy/Newspaper/assets/images/sprite/weather/thunderstorm.png]
[ynaps.com/blog/wp-content/plugins/td-composer/legacy/Newspaper/assets/images/sprite/weather/snow-d.png]
[ynaps.com/blog/wp-content/plugins/td-composer/legacy/Newspaper/assets/images/sprite/weather/snow-n.png]
[ynaps.com/blog/wp-content/plugins/td-composer/legacy/Newspaper/assets/images/sprite/weather/mist.png]
[ynaps.com/blog/wp-content/plugins/td-composer/legacy/Newspaper/assets/images/flags/flags.png]
[ynaps.com/blog/wp-content/cache/wpfc-minified/e5xqsogu/a1bs3.css]
